[1mStarting ParticleFlow Build Process[0m

[0;34m[1m=== [0/5] Resolving Toolchain ===[0m

[0;34m[1m=== [1/5] Backing up project ===[0m
[0;34m
[1m[0;34m---------------------------------------------------------------------------[0m[0m
[0;36m[1m   BACKUP SYSTEM: particleflow[0m
[0;34m[1m[0;34m---------------------------------------------------------------------------[0m[0m
[1;33m[1mZiel: v1.4.0_inc_1 (INCREMENTAL)[0m
[1;33m
Keine Änderungen seit dem letzten Backup gefunden.[0m
[0m
[0;32m[1m[OK] Backup fertig! (+0 Dateien / -0 gelöscht)[0m[0m
[0;32m[OK] Project backed up successfully.[0m

[0;34m[1m=== [2/5] Updating Build Version ===[0m
[0;32m[OK] Updated to versionCode: [1m145[0m (Version: v1.4.0-cv145)[0m

[0;34m[1m=== [3/5] Compiling with Gradle ===[0m
[0;34m[INFO] Building debug APK...[0m
Starting a Gradle Daemon (subsequent builds will be faster)

> Configure project :app
WARNING: The option setting 'android.aapt2FromMavenOverride=/data/data/com.termux/files/usr/bin/aapt2' is experimental.

> Task :app:preBuild UP-TO-DATE
> Task :app:preDebugBuild UP-TO-DATE
> Task :app:mergeDebugNativeDebugMetadata NO-SOURCE
> Task :app:javaPreCompileDebug UP-TO-DATE
> Task :app:checkDebugAarMetadata UP-TO-DATE
> Task :app:processDebugNavigationResources UP-TO-DATE
> Task :app:compileDebugNavigationResources UP-TO-DATE
> Task :app:generateDebugResValues UP-TO-DATE
> Task :app:mapDebugSourceSetPaths UP-TO-DATE
> Task :app:generateDebugResources UP-TO-DATE
> Task :app:mergeDebugResources UP-TO-DATE
> Task :app:packageDebugResources UP-TO-DATE
> Task :app:parseDebugLocalResources UP-TO-DATE
> Task :app:createDebugCompatibleScreenManifests
> Task :app:extractDeepLinksDebug UP-TO-DATE
> Task :app:processDebugMainManifest
> Task :app:processDebugManifest
> Task :app:mergeDebugShaders UP-TO-DATE
> Task :app:compileDebugShaders NO-SOURCE
> Task :app:generateDebugAssets UP-TO-DATE
> Task :app:mergeDebugAssets UP-TO-DATE
> Task :app:compressDebugAssets UP-TO-DATE
> Task :app:desugarDebugFileDependencies UP-TO-DATE
> Task :app:processDebugJavaRes NO-SOURCE
> Task :app:mergeDebugJavaResource UP-TO-DATE
> Task :app:checkDebugDuplicateClasses UP-TO-DATE
> Task :app:processDebugManifestForPackage
> Task :app:mergeExtDexDebug UP-TO-DATE
> Task :app:mergeLibDexDebug UP-TO-DATE
> Task :app:mergeDebugJniLibFolders UP-TO-DATE
> Task :app:mergeDebugNativeLibs NO-SOURCE
> Task :app:stripDebugDebugSymbols NO-SOURCE
> Task :app:validateSigningDebug UP-TO-DATE
> Task :app:writeDebugAppMetadata UP-TO-DATE
> Task :app:writeDebugSigningConfigVersions UP-TO-DATE
> Task :app:processDebugResources
> Task :app:compileDebugJavaWithJavac UP-TO-DATE
> Task :app:dexBuilderDebug UP-TO-DATE
> Task :app:mergeDebugGlobalSynthetics UP-TO-DATE
> Task :app:mergeProjectDexDebug UP-TO-DATE
> Task :app:packageDebug
> Task :app:createDebugApkListingFileRedirect
> Task :app:assembleDebug

[Incubating] Problems report is available at: file:///data/data/com.termux/files/home/AndroidStudioProjects/particleflow/build/reports/problems/problems-report.html

Deprecated Gradle features were used in this build, making it incompatible with Gradle 9.0.

You can use '--warning-mode all' to show the individual deprecation warnings and determine if they come from your own scripts or plugins.

For more on this, please refer to https://docs.gradle.org/8.13/userguide/command_line_interface.html#sec:command_line_warnings in the Gradle documentation.

BUILD SUCCESSFUL in 14s
34 actionable tasks: 7 executed, 27 up-to-date
[0;32m[OK] Build successful: [1mparticleflow_debug.apk[0m[0m

[0;34m[1m=== [4/5] Installing on Device ===[0m
[0;34m[INFO] Transferring APK to device...[0m
* daemon not running; starting now at tcp:5037
* daemon started successfully
[0;32m[OK] APK installed successfully.[0m

[0;34m[1m=== [5/5] Launching Application ===[0m
[0;32m[OK] ParticleFlow is now running![0m

[0;32m[1mAll tasks completed successfully![0m

